// Jest Snapshot v1, https://goo.gl/fbAQLP

exports[`ButtonWithoutFeedback Snapshot 1`] = `
<View
  accessibilityLabel="home"
  accessibilityState={
    {
      "busy": undefined,
      "checked": undefined,
      "disabled": undefined,
      "expanded": undefined,
      "selected": undefined,
    }
  }
  accessible={true}
  focusable={true}
  onClick={[Function]}
  onResponderGrant={[Function]}
  onResponderMove={[Function]}
  onResponderRelease={[Function]}
  onResponderTerminate={[Function]}
  onResponderTerminationRequest={[Function]}
  onStartShouldSetResponder={[Function]}
  style={
    [
      {
        "display": "flex",
      },
      {
        "flexDirection": "row",
      },
    ]
  }
>
  <Text
    allowFontScaling={false}
    selectable={false}
    style={
      [
        {
          "color": "red",
          "fontSize": 30,
        },
        {
          "backgroundColor": "blue",
        },
        {
          "fontFamily": "FontAwesome",
          "fontStyle": "normal",
          "fontWeight": "normal",
        },
        {},
      ]
    }
  >
    ï€•
  </Text>
  <Text
    style={
      {
        "backgroundColor": "blue",
      }
    }
  >
    Button Test
  </Text>
</View>
`;
